Archive member included to satisfy reference by file (symbol)

/home/user/st/stm32cubeide_1.16.0/plugins/com.st.stm32cube.ide.mcu.externaltools.gnu-tools-for-stm32.12.3.rel1.linux64_1.1.0.202410170702/tools/bin/../lib/gcc/arm-none-eabi/12.3.1/../../../../arm-none-eabi/lib/thumb/v7-m/nofp/libc_nano.a(libc_a-exit.o)
                              /home/user/st/stm32cubeide_1.16.0/plugins/com.st.stm32cube.ide.mcu.externaltools.gnu-tools-for-stm32.12.3.rel1.linux64_1.1.0.202410170702/tools/bin/../lib/gcc/arm-none-eabi/12.3.1/../../../../arm-none-eabi/lib/thumb/v7-m/nofp/crt0.o (exit)
/home/user/st/stm32cubeide_1.16.0/plugins/com.st.stm32cube.ide.mcu.externaltools.gnu-tools-for-stm32.12.3.rel1.linux64_1.1.0.202410170702/tools/bin/../lib/gcc/arm-none-eabi/12.3.1/../../../../arm-none-eabi/lib/thumb/v7-m/nofp/libc_nano.a(libc_a-findfp.o)
                              /home/user/st/stm32cubeide_1.16.0/plugins/com.st.stm32cube.ide.mcu.externaltools.gnu-tools-for-stm32.12.3.rel1.linux64_1.1.0.202410170702/tools/bin/../lib/gcc/arm-none-eabi/12.3.1/../../../../arm-none-eabi/lib/thumb/v7-m/nofp/libc_nano.a(libc_a-exit.o) (__stdio_exit_handler)
/home/user/st/stm32cubeide_1.16.0/plugins/com.st.stm32cube.ide.mcu.externaltools.gnu-tools-for-stm32.12.3.rel1.linux64_1.1.0.202410170702/tools/bin/../lib/gcc/arm-none-eabi/12.3.1/../../../../arm-none-eabi/lib/thumb/v7-m/nofp/libc_nano.a(libc_a-fwalk.o)
                              /home/user/st/stm32cubeide_1.16.0/plugins/com.st.stm32cube.ide.mcu.externaltools.gnu-tools-for-stm32.12.3.rel1.linux64_1.1.0.202410170702/tools/bin/../lib/gcc/arm-none-eabi/12.3.1/../../../../arm-none-eabi/lib/thumb/v7-m/nofp/libc_nano.a(libc_a-findfp.o) (_fwalk_sglue)
/home/user/st/stm32cubeide_1.16.0/plugins/com.st.stm32cube.ide.mcu.externaltools.gnu-tools-for-stm32.12.3.rel1.linux64_1.1.0.202410170702/tools/bin/../lib/gcc/arm-none-eabi/12.3.1/../../../../arm-none-eabi/lib/thumb/v7-m/nofp/libc_nano.a(libc_a-stdio.o)
                              /home/user/st/stm32cubeide_1.16.0/plugins/com.st.stm32cube.ide.mcu.externaltools.gnu-tools-for-stm32.12.3.rel1.linux64_1.1.0.202410170702/tools/bin/../lib/gcc/arm-none-eabi/12.3.1/../../../../arm-none-eabi/lib/thumb/v7-m/nofp/libc_nano.a(libc_a-findfp.o) (__sread)
/home/user/st/stm32cubeide_1.16.0/plugins/com.st.stm32cube.ide.mcu.externaltools.gnu-tools-for-stm32.12.3.rel1.linux64_1.1.0.202410170702/tools/bin/../lib/gcc/arm-none-eabi/12.3.1/../../../../arm-none-eabi/lib/thumb/v7-m/nofp/libc_nano.a(libc_a-memset.o)
                              /home/user/st/stm32cubeide_1.16.0/plugins/com.st.stm32cube.ide.mcu.externaltools.gnu-tools-for-stm32.12.3.rel1.linux64_1.1.0.202410170702/tools/bin/../lib/gcc/arm-none-eabi/12.3.1/../../../../arm-none-eabi/lib/thumb/v7-m/nofp/crt0.o (memset)
/home/user/st/stm32cubeide_1.16.0/plugins/com.st.stm32cube.ide.mcu.externaltools.gnu-tools-for-stm32.12.3.rel1.linux64_1.1.0.202410170702/tools/bin/../lib/gcc/arm-none-eabi/12.3.1/../../../../arm-none-eabi/lib/thumb/v7-m/nofp/libc_nano.a(libc_a-closer.o)
                              /home/user/st/stm32cubeide_1.16.0/plugins/com.st.stm32cube.ide.mcu.externaltools.gnu-tools-for-stm32.12.3.rel1.linux64_1.1.0.202410170702/tools/bin/../lib/gcc/arm-none-eabi/12.3.1/../../../../arm-none-eabi/lib/thumb/v7-m/nofp/libc_nano.a(libc_a-stdio.o) (_close_r)
/home/user/st/stm32cubeide_1.16.0/plugins/com.st.stm32cube.ide.mcu.externaltools.gnu-tools-for-stm32.12.3.rel1.linux64_1.1.0.202410170702/tools/bin/../lib/gcc/arm-none-eabi/12.3.1/../../../../arm-none-eabi/lib/thumb/v7-m/nofp/libc_nano.a(libc_a-reent.o)
                              /home/user/st/stm32cubeide_1.16.0/plugins/com.st.stm32cube.ide.mcu.externaltools.gnu-tools-for-stm32.12.3.rel1.linux64_1.1.0.202410170702/tools/bin/../lib/gcc/arm-none-eabi/12.3.1/../../../../arm-none-eabi/lib/thumb/v7-m/nofp/libc_nano.a(libc_a-closer.o) (errno)
/home/user/st/stm32cubeide_1.16.0/plugins/com.st.stm32cube.ide.mcu.externaltools.gnu-tools-for-stm32.12.3.rel1.linux64_1.1.0.202410170702/tools/bin/../lib/gcc/arm-none-eabi/12.3.1/../../../../arm-none-eabi/lib/thumb/v7-m/nofp/libc_nano.a(libc_a-impure.o)
                              /home/user/st/stm32cubeide_1.16.0/plugins/com.st.stm32cube.ide.mcu.externaltools.gnu-tools-for-stm32.12.3.rel1.linux64_1.1.0.202410170702/tools/bin/../lib/gcc/arm-none-eabi/12.3.1/../../../../arm-none-eabi/lib/thumb/v7-m/nofp/libc_nano.a(libc_a-reent.o) (_impure_ptr)
/home/user/st/stm32cubeide_1.16.0/plugins/com.st.stm32cube.ide.mcu.externaltools.gnu-tools-for-stm32.12.3.rel1.linux64_1.1.0.202410170702/tools/bin/../lib/gcc/arm-none-eabi/12.3.1/../../../../arm-none-eabi/lib/thumb/v7-m/nofp/libc_nano.a(libc_a-lseekr.o)
                              /home/user/st/stm32cubeide_1.16.0/plugins/com.st.stm32cube.ide.mcu.externaltools.gnu-tools-for-stm32.12.3.rel1.linux64_1.1.0.202410170702/tools/bin/../lib/gcc/arm-none-eabi/12.3.1/../../../../arm-none-eabi/lib/thumb/v7-m/nofp/libc_nano.a(libc_a-stdio.o) (_lseek_r)
[...]
Memory Configuration

Name             Origin             Length             Attributes
RAM              0x20000000         0x00005000         xrw
FLASH            0x08000000         0x00020000         xr
*default*        0x00000000         0xffffffff

Linker script and memory map

LOAD /home/user/st/stm32cubeide_1.16.0/plugins/com.st.stm32cube.ide.mcu.externaltools.gnu-tools-for-stm32.12.3.rel1.linux64_1.1.0.202410170702/tools/bin/../lib/gcc/arm-none-eabi/12.3.1/thumb/v7-m/nofp/crti.o
LOAD /home/user/st/stm32cubeide_1.16.0/plugins/com.st.stm32cube.ide.mcu.externaltools.gnu-tools-for-stm32.12.3.rel1.linux64_1.1.0.202410170702/tools/bin/../lib/gcc/arm-none-eabi/12.3.1/thumb/v7-m/nofp/crtbegin.o
LOAD /home/user/st/stm32cubeide_1.16.0/plugins/com.st.stm32cube.ide.mcu.externaltools.gnu-tools-for-stm32.12.3.rel1.linux64_1.1.0.202410170702/tools/bin/../lib/gcc/arm-none-eabi/12.3.1/../../../../arm-none-eabi/lib/thumb/v7-m/nofp/crt0.o
LOAD ./Core/Src/main.o
LOAD ./Core/Src/pwm_button_blinky.o
LOAD ./Core/Src/stm32f1xx_hal_msp.o
LOAD ./Core/Src/stm32f1xx_it.o
LOAD ./Core/Src/syscalls.o
LOAD ./Core/Src/sysmem.o
LOAD ./Core/Src/system_stm32f1xx.o
LOAD ./Core/Startup/startup_stm32f103rbtx.o
LOAD ./Drivers/STM32F1xx_HAL_Driver/Src/stm32f1xx_hal.o
LOAD ./Drivers/STM32F1xx_HAL_Driver/Src/stm32f1xx_hal_cortex.o
LOAD ./Drivers/STM32F1xx_HAL_Driver/Src/stm32f1xx_hal_dma.o
LOAD ./Drivers/STM32F1xx_HAL_Driver/Src/stm32f1xx_hal_exti.o
LOAD ./Drivers/STM32F1xx_HAL_Driver/Src/stm32f1xx_hal_flash.o
LOAD ./Drivers/STM32F1xx_HAL_Driver/Src/stm32f1xx_hal_flash_ex.o
LOAD ./Drivers/STM32F1xx_HAL_Driver/Src/stm32f1xx_hal_gpio.o
LOAD ./Drivers/STM32F1xx_HAL_Driver/Src/stm32f1xx_hal_gpio_ex.o
LOAD ./Drivers/STM32F1xx_HAL_Driver/Src/stm32f1xx_hal_pwr.o
LOAD ./Drivers/STM32F1xx_HAL_Driver/Src/stm32f1xx_hal_rcc.o
LOAD ./Drivers/STM32F1xx_HAL_Driver/Src/stm32f1xx_hal_rcc_ex.o
START GROUP
LOAD /home/user/st/stm32cubeide_1.16.0/plugins/com.st.stm32cube.ide.mcu.externaltools.gnu-tools-for-stm32.12.3.rel1.linux64_1.1.0.202410170702/tools/bin/../lib/gcc/arm-none-eabi/12.3.1/../../../../arm-none-eabi/lib/thumb/v7-m/nofp/libc_nano.a
LOAD /home/user/st/stm32cubeide_1.16.0/plugins/com.st.stm32cube.ide.mcu.externaltools.gnu-tools-for-stm32.12.3.rel1.linux64_1.1.0.202410170702/tools/bin/../lib/gcc/arm-none-eabi/12.3.1/../../../../arm-none-eabi/lib/thumb/v7-m/nofp/libm.a
END GROUP
START GROUP
LOAD /home/user/st/stm32cubeide_1.16.0/plugins/com.st.stm32cube.ide.mcu.externaltools.gnu-tools-for-stm32.12.3.rel1.linux64_1.1.0.202410170702/tools/bin/../lib/gcc/arm-none-eabi/12.3.1/thumb/v7-m/nofp/libgcc.a
LOAD /home/user/st/stm32cubeide_1.16.0/plugins/com.st.stm32cube.ide.mcu.externaltools.gnu-tools-for-stm32.12.3.rel1.linux64_1.1.0.202410170702/tools/bin/../lib/gcc/arm-none-eabi/12.3.1/../../../../arm-none-eabi/lib/thumb/v7-m/nofp/libc_nano.a
END GROUP
START GROUP
LOAD /home/user/st/stm32cubeide_1.16.0/plugins/com.st.stm32cube.ide.mcu.externaltools.gnu-tools-for-stm32.12.3.rel1.linux64_1.1.0.202410170702/tools/bin/../lib/gcc/arm-none-eabi/12.3.1/thumb/v7-m/nofp/libgcc.a
LOAD /home/user/st/stm32cubeide_1.16.0/plugins/com.st.stm32cube.ide.mcu.externaltools.gnu-tools-for-stm32.12.3.rel1.linux64_1.1.0.202410170702/tools/bin/../lib/gcc/arm-none-eabi/12.3.1/../../../../arm-none-eabi/lib/thumb/v7-m/nofp/libc_nano.a
LOAD /home/user/st/stm32cubeide_1.16.0/plugins/com.st.stm32cube.ide.mcu.externaltools.gnu-tools-for-stm32.12.3.rel1.linux64_1.1.0.202410170702/tools/bin/../lib/gcc/arm-none-eabi/12.3.1/../../../../arm-none-eabi/lib/thumb/v7-m/nofp/libnosys.a
END GROUP
START GROUP
LOAD /home/user/st/stm32cubeide_1.16.0/plugins/com.st.stm32cube.ide.mcu.externaltools.gnu-tools-for-stm32.12.3.rel1.linux64_1.1.0.202410170702/tools/bin/../lib/gcc/arm-none-eabi/12.3.1/thumb/v7-m/nofp/libgcc.a
LOAD /home/user/st/stm32cubeide_1.16.0/plugins/com.st.stm32cube.ide.mcu.externaltools.gnu-tools-for-stm32.12.3.rel1.linux64_1.1.0.202410170702/tools/bin/../lib/gcc/arm-none-eabi/12.3.1/../../../../arm-none-eabi/lib/thumb/v7-m/nofp/libc_nano.a
LOAD /home/user/st/stm32cubeide_1.16.0/plugins/com.st.stm32cube.ide.mcu.externaltools.gnu-tools-for-stm32.12.3.rel1.linux64_1.1.0.202410170702/tools/bin/../lib/gcc/arm-none-eabi/12.3.1/../../../../arm-none-eabi/lib/thumb/v7-m/nofp/libnosys.a
END GROUP
LOAD /home/user/st/stm32cubeide_1.16.0/plugins/com.st.stm32cube.ide.mcu.externaltools.gnu-tools-for-stm32.12.3.rel1.linux64_1.1.0.202410170702/tools/bin/../lib/gcc/arm-none-eabi/12.3.1/thumb/v7-m/nofp/crtend.o
LOAD /home/user/st/stm32cubeide_1.16.0/plugins/com.st.stm32cube.ide.mcu.externaltools.gnu-tools-for-stm32.12.3.rel1.linux64_1.1.0.202410170702/tools/bin/../lib/gcc/arm-none-eabi/12.3.1/thumb/v7-m/nofp/crtn.o
                0x20005000                        _estack = (ORIGIN (RAM) + LENGTH (RAM))
                0x00000200                        _Min_Heap_Size = 0x200
                0x00000400                        _Min_Stack_Size = 0x400

.isr_vector     0x08000000      0x10c
                0x08000000                        . = ALIGN (0x4)
 *(.isr_vector)
 .isr_vector    0x08000000      0x10c ./Core/Startup/startup_stm32f103rbtx.o
                0x08000000                g_pfnVectors
                0x0800010c                        . = ALIGN (0x4)

.text           0x0800010c     0x1288
                0x0800010c                        . = ALIGN (0x4)
 *(.text)
 .text          0x0800010c       0x40 /home/user/st/stm32cubeide_1.16.0/plugins/com.st.stm32cube.ide.mcu.externaltools.gnu-tools-for-stm32.12.3.rel1.linux64_1.1.0.202410170702/tools/bin/../lib/gcc/arm-none-eabi/12.3.1/thumb/v7-m/nofp/crtbegin.o
 *(.text*)
 .text.main     0x0800014c       0x18 ./Core/Src/main.o
                0x0800014c                main
 .text.SystemClock_Config
                0x08000164       0x76 ./Core/Src/main.o
                0x08000164                SystemClock_Config
 *fill*         0x080001da        0x2 
 .text.MX_GPIO_Init
                0x080001dc       0xac ./Core/Src/main.o
 .text.Error_Handler
                0x08000288        0xc ./Core/Src/main.o
                0x08000288                Error_Handler
 .text.blinky   0x08000294       0xe4 ./Core/Src/pwm_button_blinky.o
                0x08000294                blinky
 .text.HAL_GPIO_EXTI_Callback
                0x08000378       0x3c ./Core/Src/pwm_button_blinky.o
                0x08000378                HAL_GPIO_EXTI_Callback
 .text.HAL_MspInit
                0x080003b4       0x64 ./Core/Src/stm32f1xx_hal_msp.o
                0x080003b4                HAL_MspInit
 .text.NMI_Handler
                0x08000418        0x8 ./Core/Src/stm32f1xx_it.o
                0x08000418                NMI_Handler
 .text.HardFault_Handler
                0x08000420        0x8 ./Core/Src/stm32f1xx_it.o
                0x08000420                HardFault_Handler
 .text.MemManage_Handler
                0x08000428        0x8 ./Core/Src/stm32f1xx_it.o
                0x08000428                MemManage_Handler
 .text.BusFault_Handler
                0x08000430        0x8 ./Core/Src/stm32f1xx_it.o
                0x08000430                BusFault_Handler
 .text.UsageFault_Handler
                0x08000438        0x8 ./Core/Src/stm32f1xx_it.o
                0x08000438                UsageFault_Handler
 .text.SVC_Handler
                0x08000440        0xc ./Core/Src/stm32f1xx_it.o
                0x08000440                SVC_Handler
 .text.DebugMon_Handler
                0x0800044c        0xc ./Core/Src/stm32f1xx_it.o
                0x0800044c                DebugMon_Handler
 .text.PendSV_Handler
                0x08000458        0xc ./Core/Src/stm32f1xx_it.o
                0x08000458                PendSV_Handler
 .text.SysTick_Handler
                0x08000464        0xc ./Core/Src/stm32f1xx_it.o
                0x08000464                SysTick_Handler
 .text.EXTI15_10_IRQHandler
                0x08000470       0x10 ./Core/Src/stm32f1xx_it.o
                0x08000470                EXTI15_10_IRQHandler
 .text.SystemInit
                0x08000480        0xc ./Core/Src/system_stm32f1xx.o
                0x08000480                SystemInit
 .text.Reset_Handler
                0x0800048c       0x48 ./Core/Startup/startup_stm32f103rbtx.o
                0x0800048c                Reset_Handler
 .text.Default_Handler
                0x080004d4        0x2 ./Core/Startup/startup_stm32f103rbtx.o
                0x080004d4                RTC_Alarm_IRQHandler
                0x080004d4                EXTI2_IRQHandler
                0x080004d4                TIM1_CC_IRQHandler
                0x080004d4                PVD_IRQHandler
                0x080004d4                EXTI3_IRQHandler
                0x080004d4                EXTI0_IRQHandler
                0x080004d4                I2C2_EV_IRQHandler
                0x080004d4                ADC1_2_IRQHandler
                0x080004d4                SPI1_IRQHandler
                0x080004d4                TAMPER_IRQHandler
                0x080004d4                DMA1_Channel4_IRQHandler
                0x080004d4                USART3_IRQHandler
                0x080004d4                RTC_IRQHandler
                0x080004d4                DMA1_Channel7_IRQHandler
                0x080004d4                CAN1_RX1_IRQHandler
                0x080004d4                TIM4_IRQHandler
                0x080004d4                I2C1_EV_IRQHandler
                0x080004d4                DMA1_Channel6_IRQHandler
                0x080004d4                TIM3_IRQHandler
                0x080004d4                RCC_IRQHandler
                0x080004d4                TIM1_TRG_COM_IRQHandler
                0x080004d4                DMA1_Channel1_IRQHandler
                0x080004d4                Default_Handler
                0x080004d4                EXTI9_5_IRQHandler
                0x080004d4                SPI2_IRQHandler
                0x080004d4                DMA1_Channel5_IRQHandler
                0x080004d4                EXTI4_IRQHandler
                0x080004d4                USB_LP_CAN1_RX0_IRQHandler
                0x080004d4                USB_HP_CAN1_TX_IRQHandler
                0x080004d4                DMA1_Channel3_IRQHandler
                0x080004d4                TIM1_UP_IRQHandler
                0x080004d4                WWDG_IRQHandler
                0x080004d4                TIM2_IRQHandler
                0x080004d4                TIM1_BRK_IRQHandler
                0x080004d4                EXTI1_IRQHandler
                0x080004d4                USART2_IRQHandler
                0x080004d4                I2C2_ER_IRQHandler
                0x080004d4                DMA1_Channel2_IRQHandler
                0x080004d4                CAN1_SCE_IRQHandler
                0x080004d4                FLASH_IRQHandler
                0x080004d4                USART1_IRQHandler
                0x080004d4                I2C1_ER_IRQHandler
                0x080004d4                USBWakeUp_IRQHandler
 *fill*         0x080004d6        0x2 
 .text.HAL_Init
                0x080004d8       0x2c ./Drivers/STM32F1xx_HAL_Driver/Src/stm32f1xx_hal.o
                0x080004d8                HAL_Init
 .text.HAL_InitTick
                0x08000504       0x60 ./Drivers/STM32F1xx_HAL_Driver/Src/stm32f1xx_hal.o
                0x08000504                HAL_InitTick
 .text.HAL_IncTick
                0x08000564       0x24 ./Drivers/STM32F1xx_HAL_Driver/Src/stm32f1xx_hal.o
                0x08000564                HAL_IncTick
 .text.HAL_GetTick
                0x08000588       0x14 ./Drivers/STM32F1xx_HAL_Driver/Src/stm32f1xx_hal.o
                0x08000588                HAL_GetTick
 .text.HAL_Delay
                0x0800059c       0x48 ./Drivers/STM32F1xx_HAL_Driver/Src/stm32f1xx_hal.o
                0x0800059c                HAL_Delay
 .text.__NVIC_SetPriorityGrouping
                0x080005e4       0x48 ./Drivers/STM32F1xx_HAL_Driver/Src/stm32f1xx_hal_cortex.o
 .text.__NVIC_GetPriorityGrouping
                0x0800062c       0x1c ./Drivers/STM32F1xx_HAL_Driver/Src/stm32f1xx_hal_cortex.o
 .text.__NVIC_EnableIRQ
                0x08000648       0x38 ./Drivers/STM32F1xx_HAL_Driver/Src/stm32f1xx_hal_cortex.o
 .text.__NVIC_SetPriority
                0x08000680       0x54 ./Drivers/STM32F1xx_HAL_Driver/Src/stm32f1xx_hal_cortex.o
 .text.NVIC_EncodePriority
                0x080006d4       0x64 ./Drivers/STM32F1xx_HAL_Driver/Src/stm32f1xx_hal_cortex.o
 .text.SysTick_Config
                0x08000738       0x44 ./Drivers/STM32F1xx_HAL_Driver/Src/stm32f1xx_hal_cortex.o
 .text.HAL_NVIC_SetPriorityGrouping
                0x0800077c       0x16 ./Drivers/STM32F1xx_HAL_Driver/Src/stm32f1xx_hal_cortex.o
                0x0800077c                HAL_NVIC_SetPriorityGrouping
 .text.HAL_NVIC_SetPriority
                0x08000792       0x38 ./Drivers/STM32F1xx_HAL_Driver/Src/stm32f1xx_hal_cortex.o
                0x08000792                HAL_NVIC_SetPriority
 .text.HAL_NVIC_EnableIRQ
                0x080007ca       0x1c ./Drivers/STM32F1xx_HAL_Driver/Src/stm32f1xx_hal_cortex.o
                0x080007ca                HAL_NVIC_EnableIRQ
 .text.HAL_SYSTICK_Config
                0x080007e6       0x18 ./Drivers/STM32F1xx_HAL_Driver/Src/stm32f1xx_hal_cortex.o
                0x080007e6                HAL_SYSTICK_Config
 *fill*         0x080007fe        0x2 
 .text.HAL_GPIO_Init
                0x08000800      0x308 ./Drivers/STM32F1xx_HAL_Driver/Src/stm32f1xx_hal_gpio.o
                0x08000800                HAL_GPIO_Init
 .text.HAL_GPIO_WritePin
                0x08000b08       0x30 ./Drivers/STM32F1xx_HAL_Driver/Src/stm32f1xx_hal_gpio.o
                0x08000b08                HAL_GPIO_WritePin
 .text.HAL_GPIO_EXTI_IRQHandler
                0x08000b38       0x30 ./Drivers/STM32F1xx_HAL_Driver/Src/stm32f1xx_hal_gpio.o
                0x08000b38                HAL_GPIO_EXTI_IRQHandler
 .text.HAL_RCC_OscConfig
                0x08000b68      0x504 ./Drivers/STM32F1xx_HAL_Driver/Src/stm32f1xx_hal_rcc.o
                0x08000b68                HAL_RCC_OscConfig
 .text.HAL_RCC_ClockConfig
                0x0800106c      0x1d4 ./Drivers/STM32F1xx_HAL_Driver/Src/stm32f1xx_hal_rcc.o
                0x0800106c                HAL_RCC_ClockConfig
 .text.HAL_RCC_GetSysClockFreq
                0x08001240       0xa8 ./Drivers/STM32F1xx_HAL_Driver/Src/stm32f1xx_hal_rcc.o
                0x08001240                HAL_RCC_GetSysClockFreq
 .text.RCC_Delay
                0x080012e8       0x3c ./Drivers/STM32F1xx_HAL_Driver/Src/stm32f1xx_hal_rcc.o
 .text.memset   0x08001324       0x10 /home/user/st/stm32cubeide_1.16.0/plugins/com.st.stm32cube.ide.mcu.externaltools.gnu-tools-for-stm32.12.3.rel1.linux64_1.1.0.202410170702/tools/bin/../lib/gcc/arm-none-eabi/12.3.1/../../../../arm-none-eabi/lib/thumb/v7-m/nofp/libc_nano.a(libc_a-memset.o)
                0x08001324                memset
 .text.__libc_init_array
                0x08001334       0x48 /home/user/st/stm32cubeide_1.16.0/plugins/com.st.stm32cube.ide.mcu.externaltools.gnu-tools-for-stm32.12.3.rel1.linux64_1.1.0.202410170702/tools/bin/../lib/gcc/arm-none-eabi/12.3.1/../../../../arm-none-eabi/lib/thumb/v7-m/nofp/libc_nano.a(libc_a-init.o)
                0x08001334                __libc_init_array
 *(.glue_7)
 .glue_7        0x0800137c        0x0 linker stubs
 *(.glue_7t)
 .glue_7t       0x0800137c        0x0 linker stubs
 *(.eh_frame)
 .eh_frame      0x0800137c        0x0 /home/user/st/stm32cubeide_1.16.0/plugins/com.st.stm32cube.ide.mcu.externaltools.gnu-tools-for-stm32.12.3.rel1.linux64_1.1.0.202410170702/tools/bin/../lib/gcc/arm-none-eabi/12.3.1/thumb/v7-m/nofp/crtbegin.o
 *(.init)
 .init          0x0800137c        0x4 /home/user/st/stm32cubeide_1.16.0/plugins/com.st.stm32cube.ide.mcu.externaltools.gnu-tools-for-stm32.12.3.rel1.linux64_1.1.0.202410170702/tools/bin/../lib/gcc/arm-none-eabi/12.3.1/thumb/v7-m/nofp/crti.o
                0x0800137c                _init
 .init          0x08001380        0x8 /home/user/st/stm32cubeide_1.16.0/plugins/com.st.stm32cube.ide.mcu.externaltools.gnu-tools-for-stm32.12.3.rel1.linux64_1.1.0.202410170702/tools/bin/../lib/gcc/arm-none-eabi/12.3.1/thumb/v7-m/nofp/crtn.o
 *(.fini)
 .fini          0x08001388        0x4 /home/user/st/stm32cubeide_1.16.0/plugins/com.st.stm32cube.ide.mcu.externaltools.gnu-tools-for-stm32.12.3.rel1.linux64_1.1.0.202410170702/tools/bin/../lib/gcc/arm-none-eabi/12.3.1/thumb/v7-m/nofp/crti.o
                0x08001388                _fini
 .fini          0x0800138c        0x8 /home/user/st/stm32cubeide_1.16.0/plugins/com.st.stm32cube.ide.mcu.externaltools.gnu-tools-for-stm32.12.3.rel1.linux64_1.1.0.202410170702/tools/bin/../lib/gcc/arm-none-eabi/12.3.1/thumb/v7-m/nofp/crtn.o
                0x08001394                        . = ALIGN (0x4)
                0x08001394                        _etext = .

.vfp11_veneer   0x08001394        0x0
 .vfp11_veneer  0x08001394        0x0 linker stubs

.v4_bx          0x08001394        0x0
 .v4_bx         0x08001394        0x0 linker stubs

.iplt           0x08001394        0x0
 .iplt          0x08001394        0x0 /home/user/st/stm32cubeide_1.16.0/plugins/com.st.stm32cube.ide.mcu.externaltools.gnu-tools-for-stm32.12.3.rel1.linux64_1.1.0.202410170702/tools/bin/../lib/gcc/arm-none-eabi/12.3.1/thumb/v7-m/nofp/crtbegin.o

.rodata         0x08001394       0x24
                0x08001394                        . = ALIGN (0x4)
 *(.rodata)
 *(.rodata*)
 .rodata.AHBPrescTable
                0x08001394       0x10 ./Core/Src/system_stm32f1xx.o
                0x08001394                AHBPrescTable
 .rodata.aPLLMULFactorTable.1
                0x080013a4       0x10 ./Drivers/STM32F1xx_HAL_Driver/Src/stm32f1xx_hal_rcc.o
 .rodata.aPredivFactorTable.0
                0x080013b4        0x2 ./Drivers/STM32F1xx_HAL_Driver/Src/stm32f1xx_hal_rcc.o
                0x080013b8                        . = ALIGN (0x4)
 *fill*         0x080013b6        0x2 

.ARM.extab      0x080013b8        0x0
                0x080013b8                        . = ALIGN (0x4)
 *(.ARM.extab* .gnu.linkonce.armextab.*)
                0x080013b8                        . = ALIGN (0x4)

.ARM            0x080013b8        0x0
                0x080013b8                        . = ALIGN (0x4)
                0x080013b8                        __exidx_start = .
 *(.ARM.exidx*)
                0x080013b8                        __exidx_end = .
                0x080013b8                        . = ALIGN (0x4)

.preinit_array  0x080013b8        0x0
                0x080013b8                        . = ALIGN (0x4)
                0x080013b8                        PROVIDE (__preinit_array_start = .)
 *(.preinit_array*)
                0x080013b8                        PROVIDE (__preinit_array_end = .)
                0x080013b8                        . = ALIGN (0x4)

.init_array     0x080013b8        0x4
                0x080013b8                        . = ALIGN (0x4)
                0x080013b8                        PROVIDE (__init_array_start = .)
 *(SORT_BY_NAME(.init_array.*))
 *(.init_array*)
 .init_array    0x080013b8        0x4 /home/user/st/stm32cubeide_1.16.0/plugins/com.st.stm32cube.ide.mcu.externaltools.gnu-tools-for-stm32.12.3.rel1.linux64_1.1.0.202410170702/tools/bin/../lib/gcc/arm-none-eabi/12.3.1/thumb/v7-m/nofp/crtbegin.o
                0x080013bc                        PROVIDE (__init_array_end = .)
                0x080013bc                        . = ALIGN (0x4)

.fini_array     0x080013bc        0x4
                0x080013bc                        . = ALIGN (0x4)
                [!provide]                        PROVIDE (__fini_array_start = .)
 *(SORT_BY_NAME(.fini_array.*))
 *(.fini_array*)
 .fini_array    0x080013bc        0x4 /home/user/st/stm32cubeide_1.16.0/plugins/com.st.stm32cube.ide.mcu.externaltools.gnu-tools-for-stm32.12.3.rel1.linux64_1.1.0.202410170702/tools/bin/../lib/gcc/arm-none-eabi/12.3.1/thumb/v7-m/nofp/crtbegin.o
                [!provide]                        PROVIDE (__fini_array_end = .)
                0x080013c0                        . = ALIGN (0x4)
                0x080013c0                        _sidata = LOADADDR (.data)

.rel.dyn        0x080013c0        0x0
 .rel.iplt      0x080013c0        0x0 /home/user/st/stm32cubeide_1.16.0/plugins/com.st.stm32cube.ide.mcu.externaltools.gnu-tools-for-stm32.12.3.rel1.linux64_1.1.0.202410170702/tools/bin/../lib/gcc/arm-none-eabi/12.3.1/thumb/v7-m/nofp/crtbegin.o

.data           0x20000000       0x10 load address 0x080013c0
                0x20000000                        . = ALIGN (0x4)
                0x20000000                        _sdata = .
 *(.data)
 *(.data*)
 .data.mode_global
                0x20000000        0x1 ./Core/Src/pwm_button_blinky.o
                0x20000000                mode_global
 *fill*         0x20000001        0x3 
 .data.SystemCoreClock
                0x20000004        0x4 ./Core/Src/system_stm32f1xx.o
                0x20000004                SystemCoreClock
 .data.uwTickPrio
                0x20000008        0x4 ./Drivers/STM32F1xx_HAL_Driver/Src/stm32f1xx_hal.o
                0x20000008                uwTickPrio
 .data.uwTickFreq
                0x2000000c        0x1 ./Drivers/STM32F1xx_HAL_Driver/Src/stm32f1xx_hal.o
                0x2000000c                uwTickFreq
 *(.RamFunc)
 *(.RamFunc*)
                0x20000010                        . = ALIGN (0x4)
 *fill*         0x2000000d        0x3 
                0x20000010                        _edata = .

.igot.plt       0x20000010        0x0 load address 0x080013d0
 .igot.plt      0x20000010        0x0 /home/user/st/stm32cubeide_1.16.0/plugins/com.st.stm32cube.ide.mcu.externaltools.gnu-tools-for-stm32.12.3.rel1.linux64_1.1.0.202410170702/tools/bin/../lib/gcc/arm-none-eabi/12.3.1/thumb/v7-m/nofp/crtbegin.o
                0x20000010                        . = ALIGN (0x4)

.bss            0x20000010       0x20 load address 0x080013d0
                0x20000010                        _sbss = .
                0x20000010                        __bss_start__ = _sbss
 *(.bss)
 .bss           0x20000010       0x1c /home/user/st/stm32cubeide_1.16.0/plugins/com.st.stm32cube.ide.mcu.externaltools.gnu-tools-for-stm32.12.3.rel1.linux64_1.1.0.202410170702/tools/bin/../lib/gcc/arm-none-eabi/12.3.1/thumb/v7-m/nofp/crtbegin.o
 *(.bss*)
 .bss.uwTick    0x2000002c        0x4 ./Drivers/STM32F1xx_HAL_Driver/Src/stm32f1xx_hal.o
                0x2000002c                uwTick
 *(COMMON)
                0x20000030                        . = ALIGN (0x4)
                0x20000030                        _ebss = .
                0x20000030                        __bss_end__ = _ebss

._user_heap_stack
                0x20000030      0x600 load address 0x080013d0
                0x20000030                        . = ALIGN (0x8)
                [!provide]                        PROVIDE (end = .)
                0x20000030                        PROVIDE (_end = .)
                0x20000230                        . = (. + _Min_Heap_Size)
 *fill*         0x20000030      0x200 
                0x20000630                        . = (. + _Min_Stack_Size)
 *fill*         0x20000230      0x400 
                0x20000630                        . = ALIGN (0x8)

/DISCARD/
 libc.a(*)
 libm.a(*)
 libgcc.a(*)

.ARM.attributes
                0x00000000       0x29
 *(.ARM.attributes)
 .ARM.attributes
                0x00000000       0x1d /home/user/st/stm32cubeide_1.16.0/plugins/com.st.stm32cube.ide.mcu.externaltools.gnu-tools-for-stm32.12.3.rel1.linux64_1.1.0.202410170702/tools/bin/../lib/gcc/arm-none-eabi/12.3.1/thumb/v7-m/nofp/crti.o
 .ARM.attributes
                0x0000001d       0x2d /home/user/st/stm32cubeide_1.16.0/plugins/com.st.stm32cube.ide.mcu.externaltools.gnu-tools-for-stm32.12.3.rel1.linux64_1.1.0.202410170702/tools/bin/../lib/gcc/arm-none-eabi/12.3.1/thumb/v7-m/nofp/crtbegin.o
 .ARM.attributes
                0x0000004a       0x2d ./Core/Src/main.o
 .ARM.attributes
                0x00000077       0x2d ./Core/Src/pwm_button_blinky.o
 .ARM.attributes
                0x000000a4       0x2d ./Core/Src/stm32f1xx_hal_msp.o
 .ARM.attributes
                0x000000d1       0x2d ./Core/Src/stm32f1xx_it.o
 .ARM.attributes
                0x000000fe       0x2d ./Core/Src/system_stm32f1xx.o
 .ARM.attributes
                0x0000012b       0x21 ./Core/Startup/startup_stm32f103rbtx.o
 .ARM.attributes
                0x0000014c       0x2d ./Drivers/STM32F1xx_HAL_Driver/Src/stm32f1xx_hal.o
 .ARM.attributes
                0x00000179       0x2d ./Drivers/STM32F1xx_HAL_Driver/Src/stm32f1xx_hal_cortex.o
 .ARM.attributes
                0x000001a6       0x2d ./Drivers/STM32F1xx_HAL_Driver/Src/stm32f1xx_hal_gpio.o
 .ARM.attributes
                0x000001d3       0x2d ./Drivers/STM32F1xx_HAL_Driver/Src/stm32f1xx_hal_rcc.o
 .ARM.attributes
                0x00000200       0x2d /home/user/st/stm32cubeide_1.16.0/plugins/com.st.stm32cube.ide.mcu.externaltools.gnu-tools-for-stm32.12.3.rel1.linux64_1.1.0.202410170702/tools/bin/../lib/gcc/arm-none-eabi/12.3.1/../../../../arm-none-eabi/lib/thumb/v7-m/nofp/libc_nano.a(libc_a-memset.o)
 .ARM.attributes
                0x0000022d       0x2d /home/user/st/stm32cubeide_1.16.0/plugins/com.st.stm32cube.ide.mcu.externaltools.gnu-tools-for-stm32.12.3.rel1.linux64_1.1.0.202410170702/tools/bin/../lib/gcc/arm-none-eabi/12.3.1/../../../../arm-none-eabi/lib/thumb/v7-m/nofp/libc_nano.a(libc_a-init.o)
 .ARM.attributes
                0x0000025a       0x1d /home/user/st/stm32cubeide_1.16.0/plugins/com.st.stm32cube.ide.mcu.externaltools.gnu-tools-for-stm32.12.3.rel1.linux64_1.1.0.202410170702/tools/bin/../lib/gcc/arm-none-eabi/12.3.1/thumb/v7-m/nofp/crtn.o
OUTPUT(ense481_lab1.elf elf32-littlearm)
LOAD linker stubs
LOAD /home/user/st/stm32cubeide_1.16.0/plugins/com.st.stm32cube.ide.mcu.externaltools.gnu-tools-for-stm32.12.3.rel1.linux64_1.1.0.202410170702/tools/bin/../lib/gcc/arm-none-eabi/12.3.1/../../../../arm-none-eabi/lib/thumb/v7-m/nofp/libc.a
LOAD /home/user/st/stm32cubeide_1.16.0/plugins/com.st.stm32cube.ide.mcu.externaltools.gnu-tools-for-stm32.12.3.rel1.linux64_1.1.0.202410170702/tools/bin/../lib/gcc/arm-none-eabi/12.3.1/../../../../arm-none-eabi/lib/thumb/v7-m/nofp/libm.a
LOAD /home/user/st/stm32cubeide_1.16.0/plugins/com.st.stm32cube.ide.mcu.externaltools.gnu-tools-for-stm32.12.3.rel1.linux64_1.1.0.202410170702/tools/bin/../lib/gcc/arm-none-eabi/12.3.1/thumb/v7-m/nofp/libgcc.a

.debug_info     0x00000000     0x2cbe
 .debug_info    0x00000000      0x63e ./Core/Src/main.o
 .debug_info    0x0000063e      0x1e7 ./Core/Src/pwm_button_blinky.o
 .debug_info    0x00000825      0x1f1 ./Core/Src/stm32f1xx_hal_msp.o
 .debug_info    0x00000a16      0x14b ./Core/Src/stm32f1xx_it.o
 .debug_info    0x00000b61      0x222 ./Core/Src/system_stm32f1xx.o
 .debug_info    0x00000d83       0x30 ./Core/Startup/startup_stm32f103rbtx.o
 .debug_info    0x00000db3      0x704 ./Drivers/STM32F1xx_HAL_Driver/Src/stm32f1xx_hal.o
 .debug_info    0x000014b7      0xa87 ./Drivers/STM32F1xx_HAL_Driver/Src/stm32f1xx_hal_cortex.o
 .debug_info    0x00001f3e      0x5ab ./Drivers/STM32F1xx_HAL_Driver/Src/stm32f1xx_hal_gpio.o
 .debug_info    0x000024e9      0x7d5 ./Drivers/STM32F1xx_HAL_Driver/Src/stm32f1xx_hal_rcc.o

.debug_abbrev   0x00000000      0xfc9
 .debug_abbrev  0x00000000      0x230 ./Core/Src/main.o
 .debug_abbrev  0x00000230      0x145 ./Core/Src/pwm_button_blinky.o
 .debug_abbrev  0x00000375       0xdb ./Core/Src/stm32f1xx_hal_msp.o
 .debug_abbrev  0x00000450       0xa0 ./Core/Src/stm32f1xx_it.o
 .debug_abbrev  0x000004f0      0x13f ./Core/Src/system_stm32f1xx.o
 .debug_abbrev  0x0000062f       0x24 ./Core/Startup/startup_stm32f103rbtx.o
 .debug_abbrev  0x00000653      0x201 ./Drivers/STM32F1xx_HAL_Driver/Src/stm32f1xx_hal.o
 .debug_abbrev  0x00000854      0x2f8 ./Drivers/STM32F1xx_HAL_Driver/Src/stm32f1xx_hal_cortex.o
 .debug_abbrev  0x00000b4c      0x1ca ./Drivers/STM32F1xx_HAL_Driver/Src/stm32f1xx_hal_gpio.o
 .debug_abbrev  0x00000d16      0x2b3 ./Drivers/STM32F1xx_HAL_Driver/Src/stm32f1xx_hal_rcc.o

.debug_aranges  0x00000000      0x400
 .debug_aranges
                0x00000000       0x38 ./Core/Src/main.o
 .debug_aranges
                0x00000038       0x28 ./Core/Src/pwm_button_blinky.o
 .debug_aranges
                0x00000060       0x20 ./Core/Src/stm32f1xx_hal_msp.o
 .debug_aranges
                0x00000080       0x68 ./Core/Src/stm32f1xx_it.o
 .debug_aranges
                0x000000e8       0x28 ./Core/Src/system_stm32f1xx.o
 .debug_aranges
                0x00000110       0x28 ./Core/Startup/startup_stm32f103rbtx.o
 .debug_aranges
                0x00000138       0xe0 ./Drivers/STM32F1xx_HAL_Driver/Src/stm32f1xx_hal.o
 .debug_aranges
                0x00000218      0x100 ./Drivers/STM32F1xx_HAL_Driver/Src/stm32f1xx_hal_cortex.o
 .debug_aranges
                0x00000318       0x58 ./Drivers/STM32F1xx_HAL_Driver/Src/stm32f1xx_hal_gpio.o
 .debug_aranges
                0x00000370       0x90 ./Drivers/STM32F1xx_HAL_Driver/Src/stm32f1xx_hal_rcc.o

.debug_rnglists
                0x00000000      0x2d8
 .debug_rnglists
                0x00000000       0x26 ./Core/Src/main.o
 .debug_rnglists
                0x00000026       0x1a ./Core/Src/pwm_button_blinky.o
 .debug_rnglists
                0x00000040       0x13 ./Core/Src/stm32f1xx_hal_msp.o
 .debug_rnglists
                0x00000053       0x49 ./Core/Src/stm32f1xx_it.o
 .debug_rnglists
                0x0000009c       0x1a ./Core/Src/system_stm32f1xx.o
 .debug_rnglists
                0x000000b6       0x19 ./Core/Startup/startup_stm32f103rbtx.o
 .debug_rnglists
                0x000000cf       0xa3 ./Drivers/STM32F1xx_HAL_Driver/Src/stm32f1xx_hal.o
 .debug_rnglists
                0x00000172       0xbb ./Drivers/STM32F1xx_HAL_Driver/Src/stm32f1xx_hal_cortex.o
 .debug_rnglists
                0x0000022d       0x3f ./Drivers/STM32F1xx_HAL_Driver/Src/stm32f1xx_hal_gpio.o
 .debug_rnglists
                0x0000026c       0x6c ./Drivers/STM32F1xx_HAL_Driver/Src/stm32f1xx_hal_rcc.o

.debug_macro    0x00000000    0x15ac5
 .debug_macro   0x00000000      0x18e ./Core/Src/main.o
 .debug_macro   0x0000018e      0xaa8 ./Core/Src/main.o
 .debug_macro   0x00000c36      0x20f ./Core/Src/main.o
 .debug_macro   0x00000e45       0x2e ./Core/Src/main.o
 .debug_macro   0x00000e73       0x22 ./Core/Src/main.o
 .debug_macro   0x00000e95       0x22 ./Core/Src/main.o
 .debug_macro   0x00000eb7       0x8e ./Core/Src/main.o
 .debug_macro   0x00000f45       0x51 ./Core/Src/main.o
 .debug_macro   0x00000f96      0x103 ./Core/Src/main.o
 .debug_macro   0x00001099       0x6a ./Core/Src/main.o
 .debug_macro   0x00001103      0x1df ./Core/Src/main.o
 .debug_macro   0x000012e2       0x1c ./Core/Src/main.o
 .debug_macro   0x000012fe       0x22 ./Core/Src/main.o
 .debug_macro   0x00001320       0xbd ./Core/Src/main.o
 .debug_macro   0x000013dd      0xd23 ./Core/Src/main.o
 .debug_macro   0x00002100     0xe09e ./Core/Src/main.o
 .debug_macro   0x0001019e       0x6d ./Core/Src/main.o
 .debug_macro   0x0001020b     0x34a2 ./Core/Src/main.o
 .debug_macro   0x000136ad      0x189 ./Core/Src/main.o
 .debug_macro   0x00013836       0x5c ./Core/Src/main.o
 .debug_macro   0x00013892      0x5bc ./Core/Src/main.o
 .debug_macro   0x00013e4e      0x289 ./Core/Src/main.o
 .debug_macro   0x000140d7      0x1cb ./Core/Src/main.o
 .debug_macro   0x000142a2      0x114 ./Core/Src/main.o
 .debug_macro   0x000143b6      0x1b2 ./Core/Src/main.o
 .debug_macro   0x00014568       0x27 ./Core/Src/main.o
 .debug_macro   0x0001458f      0x136 ./Core/Src/main.o
 .debug_macro   0x000146c5      0x1bc ./Core/Src/main.o
 .debug_macro   0x00014881       0x34 ./Core/Src/main.o
 .debug_macro   0x000148b5       0x3c ./Core/Src/main.o
 .debug_macro   0x000148f1       0x57 ./Core/Src/main.o
 .debug_macro   0x00014948       0x87 ./Core/Src/main.o
 .debug_macro   0x000149cf      0x240 ./Core/Src/main.o
 .debug_macro   0x00014c0f      0x140 ./Core/Src/main.o
 .debug_macro   0x00014d4f       0x83 ./Core/Src/main.o
 .debug_macro   0x00014dd2      0x198 ./Core/Src/pwm_button_blinky.o
 .debug_macro   0x00014f6a      0x18e ./Core/Src/stm32f1xx_hal_msp.o
 .debug_macro   0x000150f8      0x198 ./Core/Src/stm32f1xx_it.o
 .debug_macro   0x00015290      0x184 ./Core/Src/system_stm32f1xx.o
 .debug_macro   0x00015414      0x1a8 ./Drivers/STM32F1xx_HAL_Driver/Src/stm32f1xx_hal.o
 .debug_macro   0x000155bc      0x184 ./Drivers/STM32F1xx_HAL_Driver/Src/stm32f1xx_hal_cortex.o
 .debug_macro   0x00015740      0x1ef ./Drivers/STM32F1xx_HAL_Driver/Src/stm32f1xx_hal_gpio.o
 .debug_macro   0x0001592f      0x196 ./Drivers/STM32F1xx_HAL_Driver/Src/stm32f1xx_hal_rcc.o

.debug_line     0x00000000     0x4ab5
 .debug_line    0x00000000      0x6b5 ./Core/Src/main.o
 .debug_line    0x000006b5      0x67f ./Core/Src/pwm_button_blinky.o
 .debug_line    0x00000d34      0x611 ./Core/Src/stm32f1xx_hal_msp.o
 .debug_line    0x00001345      0x6eb ./Core/Src/stm32f1xx_it.o
 .debug_line    0x00001a30      0x68f ./Core/Src/system_stm32f1xx.o
 .debug_line    0x000020bf       0x78 ./Core/Startup/startup_stm32f103rbtx.o
 .debug_line    0x00002137      0x8bc ./Drivers/STM32F1xx_HAL_Driver/Src/stm32f1xx_hal.o
 .debug_line    0x000029f3      0xaa8 ./Drivers/STM32F1xx_HAL_Driver/Src/stm32f1xx_hal_cortex.o
 .debug_line    0x0000349b      0x955 ./Drivers/STM32F1xx_HAL_Driver/Src/stm32f1xx_hal_gpio.o
 .debug_line    0x00003df0      0xcc5 ./Drivers/STM32F1xx_HAL_Driver/Src/stm32f1xx_hal_rcc.o

.debug_str      0x00000000    0x7bc85
 .debug_str     0x00000000    0x7aee6 ./Core/Src/main.o
                              0x7b283 (size before relaxing)
 .debug_str     0x0007aee6       0x7a ./Core/Src/pwm_button_blinky.o
                              0x7adae (size before relaxing)
 .debug_str     0x0007af60       0x5a ./Core/Src/stm32f1xx_hal_msp.o
                              0x7ad5e (size before relaxing)
 .debug_str     0x0007afba       0xf7 ./Core/Src/stm32f1xx_it.o
                              0x7adb5 (size before relaxing)
 .debug_str     0x0007b0b1       0x7e ./Core/Src/system_stm32f1xx.o
                              0x7ad89 (size before relaxing)
 .debug_str     0x0007b12f       0x44 ./Core/Startup/startup_stm32f103rbtx.o
                                 0x83 (size before relaxing)
 .debug_str     0x0007b173      0x384 ./Drivers/STM32F1xx_HAL_Driver/Src/stm32f1xx_hal.o
                              0x7b4bc (size before relaxing)
 .debug_str     0x0007b4f7      0x2a8 ./Drivers/STM32F1xx_HAL_Driver/Src/stm32f1xx_hal_cortex.o
                              0x7b408 (size before relaxing)
 .debug_str     0x0007b79f      0x2bd ./Drivers/STM32F1xx_HAL_Driver/Src/stm32f1xx_hal_gpio.o
                              0x7b10f (size before relaxing)
 .debug_str     0x0007ba5c      0x229 ./Drivers/STM32F1xx_HAL_Driver/Src/stm32f1xx_hal_rcc.o
                              0x7b1b8 (size before relaxing)

.comment        0x00000000       0x43
 .comment       0x00000000       0x43 ./Core/Src/main.o
                                 0x44 (size before relaxing)
 .comment       0x00000043       0x44 ./Core/Src/pwm_button_blinky.o
 .comment       0x00000043       0x44 ./Core/Src/stm32f1xx_hal_msp.o
 .comment       0x00000043       0x44 ./Core/Src/stm32f1xx_it.o
 .comment       0x00000043       0x44 ./Core/Src/system_stm32f1xx.o
 .comment       0x00000043       0x44 ./Drivers/STM32F1xx_HAL_Driver/Src/stm32f1xx_hal.o
 .comment       0x00000043       0x44 ./Drivers/STM32F1xx_HAL_Driver/Src/stm32f1xx_hal_cortex.o
 .comment       0x00000043       0x44 ./Drivers/STM32F1xx_HAL_Driver/Src/stm32f1xx_hal_gpio.o
 .comment       0x00000043       0x44 ./Drivers/STM32F1xx_HAL_Driver/Src/stm32f1xx_hal_rcc.o

.debug_frame    0x00000000      0xda0
 .debug_frame   0x00000000       0x8c ./Core/Src/main.o
 .debug_frame   0x0000008c       0x58 ./Core/Src/pwm_button_blinky.o
 .debug_frame   0x000000e4       0x38 ./Core/Src/stm32f1xx_hal_msp.o
 .debug_frame   0x0000011c      0x120 ./Core/Src/stm32f1xx_it.o
 .debug_frame   0x0000023c       0x58 ./Core/Src/system_stm32f1xx.o
 .debug_frame   0x00000294      0x334 ./Drivers/STM32F1xx_HAL_Driver/Src/stm32f1xx_hal.o
 .debug_frame   0x000005c8      0x428 ./Drivers/STM32F1xx_HAL_Driver/Src/stm32f1xx_hal_cortex.o
 .debug_frame   0x000009f0      0x14c ./Drivers/STM32F1xx_HAL_Driver/Src/stm32f1xx_hal_gpio.o
 .debug_frame   0x00000b3c      0x218 ./Drivers/STM32F1xx_HAL_Driver/Src/stm32f1xx_hal_rcc.o
 .debug_frame   0x00000d54       0x20 /home/user/st/stm32cubeide_1.16.0/plugins/com.st.stm32cube.ide.mcu.externaltools.gnu-tools-for-stm32.12.3.rel1.linux64_1.1.0.202410170702/tools/bin/../lib/gcc/arm-none-eabi/12.3.1/../../../../arm-none-eabi/lib/thumb/v7-m/nofp/libc_nano.a(libc_a-memset.o)
 .debug_frame   0x00000d74       0x2c /home/user/st/stm32cubeide_1.16.0/plugins/com.st.stm32cube.ide.mcu.externaltools.gnu-tools-for-stm32.12.3.rel1.linux64_1.1.0.202410170702/tools/bin/../lib/gcc/arm-none-eabi/12.3.1/../../../../arm-none-eabi/lib/thumb/v7-m/nofp/libc_nano.a(libc_a-init.o)

.debug_line_str
                0x00000000       0x67
 .debug_line_str
                0x00000000       0x67 ./Core/Startup/startup_stm32f103rbtx.o
